ASxxxx Linker V03.00 + NoICE + sdld,  page 1.
Hexadecimal  [32-Bits]

Area                                    Addr        Size        Decimal Bytes (Attributes)
--------------------------------        ----        ----        ------- ----- ------------
CABS                                00000000    00000000 =           0. bytes (ABS,CON,CODE)

      Value  Global                              Global Defined In Module
      -----  --------------------------------   ------------------------
C:   00000000  _UART_INIT                      
C:   00000000  _hprintf                        
C:   00000000  _nrf24_config                   
C:   00000000  _nrf24_config_PARM_2            
C:   00000000  _nrf24_dataReady                
C:   00000000  _nrf24_getData                  
C:   00000000  _nrf24_init                     
C:   00000000  _nrf24_rx_address               
C:   00000000  _nrf24_tx_address               
C:   00000000  _tm0                            
C:   00000000  l_BIT_BANK                      
C:   00000000  l_CABS                          
C:   00000000  l_GSINIT1                       
C:   00000000  l_GSINIT5                       
C:   00000000  l_IABS                          
C:   00000000  l_PSEG                          
C:   00000000  l_REG_BANK_1                    
C:   00000000  l_REG_BANK_2                    
C:   00000000  l_REG_BANK_3                    
C:   00000000  l_RSEG                          
C:   00000000  l_RSEG0                         
C:   00000000  l_RSEG1                         
C:   00000000  l_XABS                          
C:   00000000  l_XINIT                         
C:   00000000  l_XISEG                         
C:   00000000  l_XSEG                          
C:   00000000  l__CODE                         
C:   00000000  s_BSEG                          
C:   00000000  s_CABS                          
C:   00000000  s_DSEG                          
C:   00000000  s_HOME                          
C:   00000000  s_IABS                          
C:   00000000  s_REG_BANK_0                    
C:   00000000  s_RSEG                          
C:   00000000  s_RSEG0                         
C:   00000000  s_RSEG1                         
C:   00000000  s_XABS                          
C:   00000001  s_PSEG                          
C:   00000001  s_XISEG                         
C:   00000001  s_XSEG                          
C:   00000002  l_BSEG_BYTES                    
C:   00000003  l_GSFINAL                       
C:   00000003  l_GSINIT0                       
C:   00000006  l_ISEG                          
C:   00000006  l_OSEG                          
C:   00000008  l_REG_BANK_0                    
C:   00000008  s_REG_BANK_1                    
C:   0000000A  l_BSEG                          
C:   0000000A  l_GSINIT2                       
C:   00000010  s_REG_BANK_2                    
ASxxxx Linker V03.00 + NoICE + sdld,  page 2.
Hexadecimal  [32-Bits]

Area                                    Addr        Size        Decimal Bytes (Attributes)
--------------------------------        ----        ----        ------- ----- ------------
CABS                                00000000    00000000 =           0. bytes (ABS,CON,CODE)

      Value  Global                              Global Defined In Module
      -----  --------------------------------   ------------------------
C:   00000011  l_HOME                          
C:   00000011  s_GSINIT0                       
C:   00000014  s_GSINIT1                       
C:   00000014  s_GSINIT2                       
C:   00000018  s_BIT_BANK                      
C:   00000018  s_REG_BANK_3                    
C:   0000001E  s_GSINIT3                       
C:   00000020  s_BSEG_BYTES                    
C:   00000020  s__CODE                         
C:   00000021  l_GSINIT                        
C:   00000022  l_GSINIT3                       
C:   00000029  l_CONST                         
C:   0000002A  l_GSINIT4                       
C:   0000003C  s_OSEG                          
C:   00000040  s_GSINIT4                       
C:   00000042  s_ISEG                          
C:   00000048  s_SSEG                          
C:   0000006A  s_GSINIT                        
C:   0000006A  s_GSINIT5                       
C:   00000080  l_DSEG                          
C:   0000008B  s_GSFINAL                       
C:   0000008E  s_CSEG                          
C:   000000B8  l_SSEG                          
C:   00000100  l_IRAM                          
C:   000007BB  l_CSEG                          
C:   00000849  s_CONST                         
C:   00000872  s_XINIT                         

ASxxxx Linker V03.00 + NoICE + sdld,  page 3.
Hexadecimal  [32-Bits]

Area                                    Addr        Size        Decimal Bytes (Attributes)
--------------------------------        ----        ----        ------- ----- ------------
.  .ABS.                            00000000    00000000 =           0. bytes (ABS,CON)

      Value  Global                              Global Defined In Module
      -----  --------------------------------   ------------------------
     00000000  .__.ABS.                           _gptrput
     00000080  _P0                                rx_main
     00000080  _P0_0                              rx_main
     00000081  _P0_1                              rx_main
     00000081  _SP                                rx_main
     00000082  _DPL                               rx_main
     00000082  _P0_2                              rx_main
     00000083  _DPH                               rx_main
     00000083  _P0_3                              rx_main
     00000084  _P0_4                              rx_main
     00000085  _P0_5                              rx_main
     00000086  _P0_6                              rx_main
     00000087  _P0_7                              rx_main
     00000087  _PCON                              rx_main
     00000088  _IT0                               rx_main
     00000088  _TCON                              rx_main
     00000089  _IE0                               rx_main
     00000089  _TMOD                              rx_main
     0000008A  _IT1                               rx_main
     0000008A  _TL0                               rx_main
     0000008B  _IE1                               rx_main
     0000008B  _TL1                               rx_main
     0000008C  _TH0                               rx_main
     0000008C  _TR0                               rx_main
     0000008D  _TF0                               rx_main
     0000008D  _TH1                               rx_main
     0000008E  _AUXR                              rx_main
     0000008E  _TR1                               rx_main
     0000008F  _TF1                               rx_main
     0000008F  _WAKE_CLKO                         rx_main
     00000090  _P1                                rx_main
     00000090  _P1_0                              rx_main
     00000091  _P1M1                              rx_main
     00000091  _P1_1                              rx_main
     00000092  _P1M0                              rx_main
     00000092  _P1_2                              rx_main
     00000093  _P0M1                              rx_main
     00000093  _P1_3                              rx_main
     00000094  _P0M0                              rx_main
     00000094  _P1_4                              rx_main
     00000095  _P1_5                              rx_main
     00000095  _P2M1                              rx_main
     00000096  _P1_6                              rx_main
     00000096  _P2M0                              rx_main
     00000097  _CLK_DIV                           rx_main
     00000097  _P1_7                              rx_main
     00000098  _RI                                rx_main
     00000098  _SCON                              rx_main
     00000099  _SBUF                              rx_main
     00000099  _TI                                rx_main
ASxxxx Linker V03.00 + NoICE + sdld,  page 4.
Hexadecimal  [32-Bits]

Area                                    Addr        Size        Decimal Bytes (Attributes)
--------------------------------        ----        ----        ------- ----- ------------
.  .ABS.                            00000000    00000000 =           0. bytes (ABS,CON)

      Value  Global                              Global Defined In Module
      -----  --------------------------------   ------------------------
     0000009A  _RB8                               rx_main
     0000009A  _S2CON                             rx_main
     0000009B  _S2BUF                             rx_main
     0000009B  _TB8                               rx_main
     0000009C  _BRT                               rx_main
     0000009C  _REN                               rx_main
     0000009D  _P1ASF                             rx_main
     0000009D  _SM2                               rx_main
     0000009E  _SM1                               rx_main
     0000009F  _SM0                               rx_main
     000000A0  _P2                                rx_main
     000000A0  _P2_0                              rx_main
     000000A0  __XPAGE                            
     000000A1  _BUS_SPEED                         rx_main
     000000A1  _P2_1                              rx_main
     000000A2  _AUXR1                             rx_main
     000000A2  _P2_2                              rx_main
     000000A3  _P2_3                              rx_main
     000000A4  _P2_4                              rx_main
     000000A5  _P2_5                              rx_main
     000000A6  _P2_6                              rx_main
     000000A7  _P2_7                              rx_main
     000000A8  _EX0                               rx_main
     000000A8  _IE                                rx_main
     000000A9  _ET0                               rx_main
     000000A9  _SADDR                             rx_main
     000000AA  _EX1                               rx_main
     000000AB  _ET1                               rx_main
     000000AC  _ES                                rx_main
     000000AD  _EADC                              rx_main
     000000AE  _ELVD                              rx_main
     000000AF  _EA                                rx_main
     000000AF  _IE2                               rx_main
     000000B0  _P3                                rx_main
     000000B0  _P3_0                              rx_main
     000000B0  _RXD                               rx_main
     000000B1  _P3M1                              rx_main
     000000B1  _P3_1                              rx_main
     000000B1  _TXD                               rx_main
     000000B2  _INT0                              rx_main
     000000B2  _P3M0                              rx_main
     000000B2  _P3_2                              rx_main
     000000B3  _INT1                              rx_main
     000000B3  _P3_3                              rx_main
     000000B3  _P4M1                              rx_main
     000000B4  _P3_4                              rx_main
     000000B4  _P4M0                              rx_main
     000000B4  _T0                                rx_main
     000000B5  _IP2                               rx_main
     000000B5  _P3_5                              rx_main
     000000B5  _T1                                rx_main
ASxxxx Linker V03.00 + NoICE + sdld,  page 5.
Hexadecimal  [32-Bits]

Area                                    Addr        Size        Decimal Bytes (Attributes)
--------------------------------        ----        ----        ------- ----- ------------
.  .ABS.                            00000000    00000000 =           0. bytes (ABS,CON)

      Value  Global                              Global Defined In Module
      -----  --------------------------------   ------------------------
     000000B6  _IP2H                              rx_main
     000000B6  _P3_6                              rx_main
     000000B6  _WR                                rx_main
     000000B7  _IPH                               rx_main
     000000B7  _P3_7                              rx_main
     000000B7  _RD                                rx_main
     000000B8  _IP                                rx_main
     000000B8  _PX0                               rx_main
     000000B9  _PT0                               rx_main
     000000B9  _SADEN                             rx_main
     000000BA  _PX1                               rx_main
     000000BB  _P4SW                              rx_main
     000000BB  _PT1                               rx_main
     000000BC  _ADC_CONTR                         rx_main
     000000BC  _PS                                rx_main
     000000BD  _ADC_RES                           rx_main
     000000BD  _PADC                              rx_main
     000000BE  _ADC_RESL                          rx_main
     000000BE  _PLVD                              rx_main
     000000BF  _PPCA                              rx_main
     000000C0  _P4                                rx_main
     000000C0  _P4_0                              rx_main
     000000C1  _P4_1                              rx_main
     000000C1  _WDT_CONTR                         rx_main
     000000C2  _IAP_DATA                          rx_main
     000000C2  _P4_2                              rx_main
     000000C3  _IAP_ADDRH                         rx_main
     000000C3  _P4_3                              rx_main
     000000C4  _IAP_ADDRL                         rx_main
     000000C4  _P4_4                              rx_main
     000000C5  _IAP_CMD                           rx_main
     000000C5  _P4_5                              rx_main
     000000C6  _IAP_TRIG                          rx_main
     000000C6  _P4_6                              rx_main
     000000C7  _IAP_CONTR                         rx_main
     000000C7  _P4_7                              rx_main
     000000C8  _P5                                rx_main
     000000C8  _P5_0                              rx_main
     000000C9  _P5M1                              rx_main
     000000C9  _P5_1                              rx_main
     000000CA  _P5M0                              rx_main
     000000CA  _P5_2                              rx_main
     000000CB  _P5_3                              rx_main
     000000CD  _SPSTAT                            rx_main
     000000CE  _SPCTL                             rx_main
     000000CF  _SPDAT                             rx_main
     000000D0  _P                                 rx_main
     000000D0  _PSW                               rx_main
     000000D1  _F1                                rx_main
     000000D2  _OV                                rx_main
     000000D3  _RS0                               rx_main
ASxxxx Linker V03.00 + NoICE + sdld,  page 6.
Hexadecimal  [32-Bits]

Area                                    Addr        Size        Decimal Bytes (Attributes)
--------------------------------        ----        ----        ------- ----- ------------
.  .ABS.                            00000000    00000000 =           0. bytes (ABS,CON)

      Value  Global                              Global Defined In Module
      -----  --------------------------------   ------------------------
     000000D4  _RS1                               rx_main
     000000D5  _F0                                rx_main
     000000D6  _AC                                rx_main
     000000D7  _CY                                rx_main
     000000D8  _CCF0                              rx_main
     000000D8  _CCON                              rx_main
     000000D9  _CCF1                              rx_main
     000000D9  _CMOD                              rx_main
     000000DA  _CCAPM0                            rx_main
     000000DB  _CCAPM1                            rx_main
     000000DE  _CR                                rx_main
     000000DF  _CF                                rx_main
     000000E0  _ACC                               rx_main
     000000E9  _CL                                rx_main
     000000EA  _CCAP0L                            rx_main
     000000EB  _CCAP1L                            rx_main
     000000F0  _B                                 rx_main
     000000F2  _PCA_PWM0                          rx_main
     000000F3  _PCA_PWM1                          rx_main
     000000F5  _B_5                               _gptrput
     000000F6  _B_6                               _gptrput
     000000F7  _B_7                               _gptrput
     000000F9  _CH                                rx_main
     000000FA  _CCAP0H                            rx_main
     000000FB  _CCAP1H                            rx_main
ASxxxx Linker V03.00 + NoICE + sdld,  page 7.
Hexadecimal  [32-Bits]

Area                                    Addr        Size        Decimal Bytes (Attributes)
--------------------------------        ----        ----        ------- ----- ------------
BSEG_BYTES                          00000020    00000002 =           2. bytes (REL,CON)

      Value  Global                              Global Defined In Module
      -----  --------------------------------   ------------------------
ASxxxx Linker V03.00 + NoICE + sdld,  page 8.
Hexadecimal  [32-Bits]

Area                                    Addr        Size        Decimal Bytes (Attributes)
--------------------------------        ----        ----        ------- ----- ------------
REG_BANK_0                          00000000    00000008 =           8. bytes (REL,OVR)

      Value  Global                              Global Defined In Module
      -----  --------------------------------   ------------------------
ASxxxx Linker V03.00 + NoICE + sdld,  page 9.
Hexadecimal  [32-Bits]

Area                                    Addr        Size        Decimal Bytes (Attributes)
--------------------------------        ----        ----        ------- ----- ------------
DSEG                                00000000    00000080 =         128. bytes (REL,CON)

      Value  Global                              Global Defined In Module
      -----  --------------------------------   ------------------------
     00000008  _temp                              rx_main
     00000009  _q                                 rx_main
     0000000A  _data_array                        rx_main
     0000000E  _tx_address                        rx_main
     00000013  _rx_address                        rx_main
     00000018  _vsprintf_PARM_2                   sprintf
     0000001B  _vsprintf_PARM_3                   sprintf
     0000001F  _bp                                _bp
     0000002E  __print_format_PARM_2              printf_large
     00000031  __print_format_PARM_3              printf_large
     00000034  __print_format_PARM_4              printf_large

ASxxxx Linker V03.00 + NoICE + sdld,  page 10.
Hexadecimal  [32-Bits]

Area                                    Addr        Size        Decimal Bytes (Attributes)
--------------------------------        ----        ----        ------- ----- ------------
OSEG                                0000003C    00000006 =           6. bytes (REL,OVR)

      Value  Global                              Global Defined In Module
      -----  --------------------------------   ------------------------
     0000003C  __gptrput_PARM_2                   _gptrput

ASxxxx Linker V03.00 + NoICE + sdld,  page 11.
Hexadecimal  [32-Bits]

Area                                    Addr        Size        Decimal Bytes (Attributes)
--------------------------------        ----        ----        ------- ----- ------------
ISEG                                00000042    00000006 =           6. bytes (REL,CON)

      Value  Global                              Global Defined In Module
      -----  --------------------------------   ------------------------
ASxxxx Linker V03.00 + NoICE + sdld,  page 12.
Hexadecimal  [32-Bits]

Area                                    Addr        Size        Decimal Bytes (Attributes)
--------------------------------        ----        ----        ------- ----- ------------
SSEG                                00000048    000000B8 =         184. bytes (REL,OVR)

      Value  Global                              Global Defined In Module
      -----  --------------------------------   ------------------------
     00000048  __start__stack                     rx_main

ASxxxx Linker V03.00 + NoICE + sdld,  page 13.
Hexadecimal  [32-Bits]

Area                                    Addr        Size        Decimal Bytes (Attributes)
--------------------------------        ----        ----        ------- ----- ------------
HOME                                00000000    00000011 =          17. bytes (REL,CON,CODE)

      Value  Global                              Global Defined In Module
      -----  --------------------------------   ------------------------
C:   0000000E  __sdcc_program_startup             rx_main

ASxxxx Linker V03.00 + NoICE + sdld,  page 14.
Hexadecimal  [32-Bits]

Area                                    Addr        Size        Decimal Bytes (Attributes)
--------------------------------        ----        ----        ------- ----- ------------
GSINIT0                             00000011    00000003 =           3. bytes (REL,CON,CODE)

      Value  Global                              Global Defined In Module
      -----  --------------------------------   ------------------------
C:   00000011  __sdcc_gsinit_startup              

ASxxxx Linker V03.00 + NoICE + sdld,  page 15.
Hexadecimal  [32-Bits]

Area                                    Addr        Size        Decimal Bytes (Attributes)
--------------------------------        ----        ----        ------- ----- ------------
GSINIT2                             00000014    0000000A =          10. bytes (REL,CON,CODE)

      Value  Global                              Global Defined In Module
      -----  --------------------------------   ------------------------
ASxxxx Linker V03.00 + NoICE + sdld,  page 16.
Hexadecimal  [32-Bits]

Area                                    Addr        Size        Decimal Bytes (Attributes)
--------------------------------        ----        ----        ------- ----- ------------
GSINIT3                             0000001E    00000022 =          34. bytes (REL,CON,CODE)

      Value  Global                              Global Defined In Module
      -----  --------------------------------   ------------------------
C:   0000001E  __mcs51_genXINIT                   

ASxxxx Linker V03.00 + NoICE + sdld,  page 17.
Hexadecimal  [32-Bits]

Area                                    Addr        Size        Decimal Bytes (Attributes)
--------------------------------        ----        ----        ------- ----- ------------
GSINIT4                             00000040    0000002A =          42. bytes (REL,CON,CODE)

      Value  Global                              Global Defined In Module
      -----  --------------------------------   ------------------------
C:   00000040  __mcs51_genRAMCLEAR                
C:   00000046  __mcs51_genXRAMCLEAR               

ASxxxx Linker V03.00 + NoICE + sdld,  page 18.
Hexadecimal  [32-Bits]

Area                                    Addr        Size        Decimal Bytes (Attributes)
--------------------------------        ----        ----        ------- ----- ------------
GSINIT                              0000006A    00000021 =          33. bytes (REL,CON,CODE)

      Value  Global                              Global Defined In Module
      -----  --------------------------------   ------------------------
ASxxxx Linker V03.00 + NoICE + sdld,  page 19.
Hexadecimal  [32-Bits]

Area                                    Addr        Size        Decimal Bytes (Attributes)
--------------------------------        ----        ----        ------- ----- ------------
GSFINAL                             0000008B    00000003 =           3. bytes (REL,CON,CODE)

      Value  Global                              Global Defined In Module
      -----  --------------------------------   ------------------------
ASxxxx Linker V03.00 + NoICE + sdld,  page 20.
Hexadecimal  [32-Bits]

Area                                    Addr        Size        Decimal Bytes (Attributes)
--------------------------------        ----        ----        ------- ----- ------------
CSEG                                0000008E    000007BB =        1979. bytes (REL,CON,CODE)

      Value  Global                              Global Defined In Module
      -----  --------------------------------   ------------------------
C:   0000008E  _nrf24_setupPins                   rx_main
C:   0000008F  _nrf24_ce_digitalWrite             rx_main
C:   0000009A  _nrf24_csn_digitalWrite            rx_main
C:   000000A5  _nrf24_sck_digitalWrite            rx_main
C:   000000B0  _nrf24_mosi_digitalWrite           rx_main
C:   000000BB  _nrf24_miso_digitalRead            rx_main
C:   000000C2  _main                              rx_main
C:   000001B3  _vsprintf                          sprintf
C:   000001F0  _sprintf                           sprintf
C:   000002EC  __print_format                     printf_large
C:   000007F6  _strlen                            _strlen
C:   0000080E  __gptrget                          _gptrget
C:   0000082A  __sdcc_external_startup            _startup
C:   0000082E  __gptrput                          _gptrput

ASxxxx Linker V03.00 + NoICE + sdld,  page 21.
Hexadecimal  [32-Bits]

Area                                    Addr        Size        Decimal Bytes (Attributes)
--------------------------------        ----        ----        ------- ----- ------------
CONST                               00000849    00000029 =          41. bytes (REL,CON,CODE)

      Value  Global                              Global Defined In Module
      -----  --------------------------------   ------------------------
ASxxxx Linker V03.00 + NoICE + sdld,  page 22.

Files Linked                              [ module(s) ]

rx_main.rel                               [  ]


Libraries Linked                          [ object file ]

/usr/bin/../share/sdcc/lib/small/mcs51.lib
                                          [ crtclear.rel ]
/usr/bin/../share/sdcc/lib/small/mcs51.lib
                                          [ crtxinit.rel ]
/usr/bin/../share/sdcc/lib/small/mcs51.lib
                                          [ crtxclear.rel ]
/usr/bin/../share/sdcc/lib/small/libsdcc.lib
                                          [ sprintf.rel ]
/usr/bin/../share/sdcc/lib/small/libsdcc.lib
                                          [ _bp.rel ]
/usr/bin/../share/sdcc/lib/small/libsdcc.lib
                                          [ printf_large.rel ]
/usr/bin/../share/sdcc/lib/small/mcs51.lib
                                          [ crtpagesfr.rel ]
/usr/bin/../share/sdcc/lib/small/libsdcc.lib
                                          [ _strlen.rel ]
/usr/bin/../share/sdcc/lib/small/mcs51.lib
                                          [ crtstart.rel ]
/usr/bin/../share/sdcc/lib/small/libsdcc.lib
                                          [ _gptrget.rel ]
/usr/bin/../share/sdcc/lib/small/libsdcc.lib
                                          [ _startup.rel ]
/usr/bin/../share/sdcc/lib/small/libsdcc.lib
                                          [ _gptrput.rel ]

ASxxxx Linker V03.00 + NoICE + sdld,  page 23.

User Base Address Definitions

HOME = 0x0000
XSEG = 0x0001
PSEG = 0x0001
ISEG = 0x0000
BSEG = 0x0000


?ASlink-Warning-Undefined Global '_nrf24_config_PARM_2' referenced by module 'rx_main'

?ASlink-Warning-Undefined Global '_nrf24_rx_address' referenced by module 'rx_main'

?ASlink-Warning-Undefined Global '_hprintf' referenced by module 'rx_main'

?ASlink-Warning-Undefined Global '_nrf24_tx_address' referenced by module 'rx_main'

?ASlink-Warning-Undefined Global '_nrf24_init' referenced by module 'rx_main'

?ASlink-Warning-Undefined Global '_nrf24_config' referenced by module 'rx_main'

?ASlink-Warning-Undefined Global '_nrf24_getData' referenced by module 'rx_main'

?ASlink-Warning-Undefined Global '_UART_INIT' referenced by module 'rx_main'

?ASlink-Warning-Undefined Global '_tm0' referenced by module 'rx_main'

?ASlink-Warning-Undefined Global '_nrf24_dataReady' referenced by module 'rx_main'
